# 计算10的阶乘的预期二进制输出
# addi x1, x0, 1
0b00000000000_00001_00000_00001_000010
# addi x2, x0, 10
0b00000000000_01010_00000_00010_000010
# addi x3, x0, 0
0b00000000000_00000_00000_00011_000010
# addi x3, x3, 1
0b00000000000_00001_00011_00011_000010
# mul x1, x1, x3
0b00000000000_00011_00001_00001_000100
# bne x3, x2, -8
0b11111111111_00010_00011_11000_000011
# halt
0b00000000000_00000_00000_00000_000000 