# 计算从1到10的累加和的预期二进制输出
# addi x1, x0, 0 (R1 = 0)
0b00000000000_00000_00000_00001_000010
# addi x2, x0, 10 (R2 = 10)
0b00000000000_01010_00000_00010_000010
# addi x3, x0, 0 (R3 = 0)
0b00000000000_00000_00000_00011_000010
# addi x3, x3, 1 (R3 = R3 + 1)
0b00000000000_00001_00011_00011_000010
# add x1, x1, x3 (R1 = R1 + R3)
0b00000000000_00011_00001_00001_000001
# bne x3, x2, -8 (如果R3 != R2，跳回8字节)
0b11111111111_00010_00011_11000_000011
# halt
0b00000000000_00000_00000_00000_000000 